repo:^github.com/sourcegraph/sourcegraph$ rev:main file:cmd/loadtest/build.sh